0 info it worked if it ends with ok
1 verbose cli [ '/usr/bin/node',
1 verbose cli   '/usr/bin/npm',
1 verbose cli   'install',
1 verbose cli   '--save-dev',
1 verbose cli   'typescript' ]
2 info using npm@3.5.2
3 info using node@v8.10.0
4 silly loadCurrentTree Starting
5 silly install loadCurrentTree
6 silly install readLocalPackageData
7 silly fetchPackageMetaData typescript
8 silly fetchNamedPackageData typescript
9 silly mapToRegistry name typescript
10 silly mapToRegistry using default registry
11 silly mapToRegistry registry https://registry.npmjs.org/
12 silly mapToRegistry uri https://registry.npmjs.org/typescript
13 verbose request uri https://registry.npmjs.org/typescript
14 verbose request no auth needed
15 info attempt registry request try #1 at 9:00:11 PM
16 verbose request id 542ed6a20f72ce6e
17 http request GET https://registry.npmjs.org/typescript
18 http 200 https://registry.npmjs.org/typescript
19 verbose headers { date: 'Fri, 04 Sep 2026 21:00:12 GMT',
19 verbose headers   'content-type': 'application/json',
19 verbose headers   'transfer-encoding': 'chunked',
19 verbose headers   connection: 'keep-alive',
19 verbose headers   'set-cookie':
19 verbose headers    [ '__cf_bm=E.D_WuwVLpaBG1TantY7q44WmX2yPzKkaP4S0RhZric-1788555612.0417747-1.0.1.1-VhTfOGrdcaJzZN3Kubjjj8PRlLQGMdgrQWy2noF_aMxrcFQDnw9eUiIF6vxyVYEuj.B7ULL1bbomalJD8v4n7wLA0ihaJdLDnk6s3R24dyGeUtNTE6AgWx7U_C4SB9FG; HttpOnly; SameSite=None; Secure; Path=/; Domain=npmjs.org; Expires=Fri, 04 Sep 2026 21:30:12 GMT',
19 verbose headers      '_cfuvid=FoYbOzRMn.Dh4qHjVqRppryPItPKVJAmSMEt7GiMJl0-1788555612.0417747-1.0.1.1-KRkaJwzdGY3hm_aQzwnGuJA16afTKP73Z8fls01PkqQ; HttpOnly; SameSite=None; Secure; Path=/; Domain=npmjs.org' ],
19 verbose headers   'cf-ray': 'a35fec1f4bebd6fc-IAD',
19 verbose headers   'cf-cache-status': 'HIT',
19 verbose headers   'access-control-allow-origin': '*',
19 verbose headers   age: '11',
19 verbose headers   'cache-control': 'public, max-age=300',
19 verbose headers   vary: 'accept-encoding, accept',
19 verbose headers   'last-modified': 'Fri, 04 Sep 2026 08:31:54 GMT',
19 verbose headers   server: 'cloudflare',
19 verbose headers   etag: 'W/"6e273896cf8425599876ff014c993533"',
19 verbose headers   'content-encoding': 'gzip' }
20 silly get cb [ 200,
20 silly get   { date: 'Fri, 04 Sep 2026 21:00:12 GMT',
20 silly get     'content-type': 'application/json',
20 silly get     'transfer-encoding': 'chunked',
20 silly get     connection: 'keep-alive',
20 silly get     'set-cookie':
20 silly get      [ '__cf_bm=E.D_WuwVLpaBG1TantY7q44WmX2yPzKkaP4S0RhZric-1788555612.0417747-1.0.1.1-VhTfOGrdcaJzZN3Kubjjj8PRlLQGMdgrQWy2noF_aMxrcFQDnw9eUiIF6vxyVYEuj.B7ULL1bbomalJD8v4n7wLA0ihaJdLDnk6s3R24dyGeUtNTE6AgWx7U_C4SB9FG; HttpOnly; SameSite=None; Secure; Path=/; Domain=npmjs.org; Expires=Fri, 04 Sep 2026 21:30:12 GMT',
20 silly get        '_cfuvid=FoYbOzRMn.Dh4qHjVqRppryPItPKVJAmSMEt7GiMJl0-1788555612.0417747-1.0.1.1-KRkaJwzdGY3hm_aQzwnGuJA16afTKP73Z8fls01PkqQ; HttpOnly; SameSite=None; Secure; Path=/; Domain=npmjs.org' ],
20 silly get     'cf-ray': 'a35fec1f4bebd6fc-IAD',
20 silly get     'cf-cache-status': 'HIT',
20 silly get     'access-control-allow-origin': '*',
20 silly get     age: '11',
20 silly get     'cache-control': 'public, max-age=300',
20 silly get     vary: 'accept-encoding, accept',
20 silly get     'last-modified': 'Fri, 04 Sep 2026 08:31:54 GMT',
20 silly get     server: 'cloudflare',
20 silly get     etag: 'W/"6e273896cf8425599876ff014c993533"',
20 silly get     'content-encoding': 'gzip' } ]
21 verbose get saving typescript to /root/.npm/registry.npmjs.org/typescript/.cache.json
22 verbose makeDirectory /root/.npm creation not in flight; initializing
23 silly makeDirectory /root/.npm uid: 0 gid: 0
24 silly install normalizeTree
25 silly loadCurrentTree Finishing
26 silly loadIdealTree Starting
27 silly install loadIdealTree
28 silly cloneCurrentTree Starting
29 silly install cloneCurrentTreeToIdealTree
30 silly cloneCurrentTree Finishing
31 silly loadShrinkwrap Starting
32 silly install loadShrinkwrap
33 silly loadShrinkwrap Finishing
34 silly loadAllDepsIntoIdealTree Starting
35 silly install loadAllDepsIntoIdealTree
36 verbose stack Error: Missing required argument #1
36 verbose stack     at andLogAndFinish (/usr/share/npm/lib/fetch-package-metadata.js:31:3)
36 verbose stack     at fetchPackageMetadata (/usr/share/npm/lib/fetch-package-metadata.js:51:22)
36 verbose stack     at resolveWithNewModule (/usr/share/npm/lib/install/deps.js:456:12)
36 verbose stack     at /usr/share/npm/lib/install/deps.js:190:5
36 verbose stack     at /usr/share/npm/node_modules/slide/lib/async-map.js:52:35
36 verbose stack     at Array.forEach (<anonymous>)
36 verbose stack     at /usr/share/npm/node_modules/slide/lib/async-map.js:52:11
36 verbose stack     at Array.forEach (<anonymous>)
36 verbose stack     at asyncMap (/usr/share/npm/node_modules/slide/lib/async-map.js:51:8)
36 verbose stack     at exports.loadRequestedDeps (/usr/share/npm/lib/install/deps.js:188:3)
37 verbose cwd /react-dev-week1-Activity
38 error Linux 5.3.0-1032-aws
39 error argv "/usr/bin/node" "/usr/bin/npm" "install" "--save-dev" "typescript"
40 error node v8.10.0
41 error npm  v3.5.2
42 error code EMISSINGARG
43 error typeerror Error: Missing required argument #1
43 error typeerror     at andLogAndFinish (/usr/share/npm/lib/fetch-package-metadata.js:31:3)
43 error typeerror     at fetchPackageMetadata (/usr/share/npm/lib/fetch-package-metadata.js:51:22)
43 error typeerror     at resolveWithNewModule (/usr/share/npm/lib/install/deps.js:456:12)
43 error typeerror     at /usr/share/npm/lib/install/deps.js:190:5
43 error typeerror     at /usr/share/npm/node_modules/slide/lib/async-map.js:52:35
43 error typeerror     at Array.forEach (<anonymous>)
43 error typeerror     at /usr/share/npm/node_modules/slide/lib/async-map.js:52:11
43 error typeerror     at Array.forEach (<anonymous>)
43 error typeerror     at asyncMap (/usr/share/npm/node_modules/slide/lib/async-map.js:51:8)
43 error typeerror     at exports.loadRequestedDeps (/usr/share/npm/lib/install/deps.js:188:3)
44 error typeerror This is an error with npm itself. Please report this error at:
44 error typeerror     <http://github.com/npm/npm/issues>
45 verbose exit [ 1, true ]
